10-05 16:21:47.750 I/ZenlyCore( 9993): Initial UnreadCounter state	{"tag": "chatstore", "ChatUnreadCounter": {"unread_total":21,"unread_conversations":6,"triggered_by":{"inbox_uuid":"u-hYrmC9I7b1InSZy9Kq5yHfoqLxbawo3X","user_uuid":"u-hYrmC9I7b1InSZy9Kq5yHfoqLxbawo3X","unread_messages":2,"unread_emojis":1,"chat_cursor":"173d13e4d0fb19e600000022","emoji_cursor":"173d13d9fec605ab000000fa"}}}
10-05 16:21:47.776 D/ZenlyCore( 9993): Enter runTileServerInForeground	{"tag": "component/footsteps/fogofwar"}
10-05 16:21:47.780 D/ZenlyCore( 9993): cleaning reports...	{"tag": "reporting"}
10-05 16:21:47.805 D/nativeloader( 9993): Configuring clns-6 for other apk /system/framework/com.android.media.remotedisplay.jar. target_sdk_version=36, uses_libraries=ALL, library_path=/data/app/~~I70HdsrxryT7srNFEOMGBw==/com.google.android.gms-eMw5OPSSXUa19x67ty5bwg==/lib/arm64:/data/app/~~I70HdsrxryT7srNFEOMGBw==/com.google.android.gms-eMw5OPSSXUa19x67ty5bwg==/base.apk!/lib/arm64-v8a, permitted_path=/data:/mnt/expand:/data/user/0/com.google.android.gms
10-05 16:21:47.805 D/nativeloader( 9993): Extending system_exposed_libraries: libteeservice_client.trustonic.so:libapuwareapusys.mtk.so:libapuwareapusys_v2.mtk.so:libapuwarexrp.mtk.so:libapuwarexrp_v2.mtk.so:libapuwareutils.mtk.so:libapuwareutils_v2.mtk.so:libapuwarehmp.mtk.so:libmcv_runtime_usdk.mtk.so:libneuron_graph_delegate.mtk.so:libneuronusdk_adapter.mtk.so:libtflite_mtk.mtk.so:libarmnn_ndk.mtk.so:libcmdl_ndk.mtk.so:libnir_neon_driver_ndk.mtk.so:libmvpu_runtime.mtk.so:libmvpu_runtime_pub.mtk.so:libmvpu_engine_pub.mtk.so:libmvpu_pattern_pub.mtk.so:libmvpuop_mtk_cv.mtk.so:libmvpuop_mtk_nn.mtk.so
10-05 16:21:47.809 I/FontLog (14182): (REDACTED) Received query %s, URI %s
10-05 16:21:47.810 I/FontLog (14182): (REDACTED) Query [%s] resolved to %s
10-05 16:21:47.815 D/nativeloader( 9993): Configuring clns-7 for other apk /system/framework/com.android.location.provider.jar. target_sdk_version=36, uses_libraries=ALL, library_path=/data/app/~~I70HdsrxryT7srNFEOMGBw==/com.google.android.gms-eMw5OPSSXUa19x67ty5bwg==/lib/arm64:/data/app/~~I70HdsrxryT7srNFEOMGBw==/com.google.android.gms-eMw5OPSSXUa19x67ty5bwg==/base.apk!/lib/arm64-v8a, permitted_path=/data:/mnt/expand:/data/user/0/com.google.android.gms
10-05 16:21:47.815 D/nativeloader( 9993): Extending system_exposed_libraries: libteeservice_client.trustonic.so:libapuwareapusys.mtk.so:libapuwareapusys_v2.mtk.so:libapuwarexrp.mtk.so:libapuwarexrp_v2.mtk.so:libapuwareutils.mtk.so:libapuwareutils_v2.mtk.so:libapuwarehmp.mtk.so:libmcv_runtime_usdk.mtk.so:libneuron_graph_delegate.mtk.so:libneuronusdk_adapter.mtk.so:libtflite_mtk.mtk.so:libarmnn_ndk.mtk.so:libcmdl_ndk.mtk.so:libnir_neon_driver_ndk.mtk.so:libmvpu_runtime.mtk.so:libmvpu_runtime_pub.mtk.so:libmvpu_engine_pub.mtk.so:libmvpu_pattern_pub.mtk.so:libmvpuop_mtk_cv.mtk.so:libmvpuop_mtk_nn.mtk.so
10-05 16:21:47.818 I/FontLog (14182): (REDACTED) Fetch %s end status %s
10-05 16:21:47.826 I/FontLog (14182): (REDACTED) Pulling font file for id = %d, cache size = %d
10-05 16:21:47.828 D/nativeloader( 9993): Configuring clns-8 for other apk /data/app/~~I70HdsrxryT7srNFEOMGBw==/com.google.android.gms-eMw5OPSSXUa19x67ty5bwg==/base.apk. target_sdk_version=36, uses_libraries=, library_path=/data/app/~~I70HdsrxryT7srNFEOMGBw==/com.google.android.gms-eMw5OPSSXUa19x67ty5bwg==/lib/arm64:/data/app/~~I70HdsrxryT7srNFEOMGBw==/com.google.android.gms-eMw5OPSSXUa19x67ty5bwg==/base.apk!/lib/arm64-v8a, permitted_path=/data:/mnt/expand:/data/user/0/com.google.android.gms
10-05 16:21:47.838 D/zenlycore/sync( 9993): syncing...
10-05 16:21:47.842 I/FontLog (14182): (REDACTED) Pulling font file for id = %d, cache size = %d
10-05 16:21:47.910 D/AppsFlyer_5.4.3( 9993): Initializing AppsFlyer SDK: (v5.4.3.50)
10-05 16:21:48.069 E/FirebaseMessaging( 9993): Topic sync or token retrieval failed on hard failure exceptions: java.util.concurrent.ExecutionException: java.io.IOException: FIS_AUTH_ERROR. Won't retry the operation.
10-05 16:21:48.070 E/Firebase.TokenProvider( 9993): Unable to get the firebase token
10-05 16:21:48.215 W/AppOpsControllerImpl( 8049): Noted op: 1 with result allow for package app.zenly.locator
10-05 16:21:48.217 W/AppOpsControllerImpl( 8049): Added item: AppOpItem(Op code=1, UID=10263, Package name=app.zenly.locator, Paused=false)
10-05 16:21:48.219 D/AppOpsControllerImpl( 8049): Notifying of change in package app.zenly.locator
10-05 16:21:48.828 D/CompatibilityChangeReporter( 9993): Compat change id reported: 288912692; UID 10263; state: DISABLED
10-05 16:21:49.025 W/ThreadPoolForeg(14182): type=1400 audit(0.0:697380): avc: denied { write } for name="traced_producer" dev="tmpfs" ino=1995 scontext=u:r:gmscore_app:s0:c512,c768 tcontext=u:object_r:traced_producer_socket:s0 tclass=sock_file permissive=0 app=com.google.android.gms
10-05 16:21:52.728 D/KeyguardUpdateMonitor( 8049): received broadcast android.intent.action.BATTERY_CHANGED
10-05 16:21:53.237 W/AppOpsControllerImpl( 8049): Removed item: AppOpItem(Op code=1, UID=10263, Package name=app.zenly.locator, Paused=false)false)
10-05 16:21:53.237 D/AppOpsControllerImpl( 8049): Notifying of change in package app.zenly.locator
10-05 16:21:58.869 I/AlarmManager(14182): setExactAndAllowWhileIdle [name: GCM_HB_ALARM type: 2 triggerAtMillis: 1869139545]
10-05 16:21:58.903 W/ChimeraUtils(14182): Module com.google.android.gms.gcm missing resource null(0)
10-05 16:21:58.914 I/AlarmManager(14182): setExactAndAllowWhileIdle [name: GCM_HB_ALARM type: 2 triggerAtMillis: 1869139590]
10-05 16:21:58.921 I/AlarmManager(14182): setExactAndAllowWhileIdle [name: FcmRetry type: 2 triggerAtMillis: 1868599594]
10-05 16:21:58.988 I/egram.messenger(10114): Using CollectorTypeCC GC.
10-05 16:21:58.995 E/egram.messenger(10114): Not starting debugger since process cannot load the jdwp agent.
10-05 16:21:59.001 D/nativeloader(10114): Load libframework-connectivity-tiramisu-jni.so using APEX ns com_android_tethering for caller /apex/com.android.tethering/javalib/framework-connectivity-t.jar: ok
10-05 16:21:59.012 E/VivoConfigStore(10114): key:vivo.software.multilandscape isCached is false and normal value is false
10-05 16:21:59.013 E/VivoConfigStore(10114): key:vivo.software.splitrecents isCached is false and normal value is false
10-05 16:21:59.014 E/VivoConfigStore(10114): key:vivo.software.splitratio isCached is false and normal value is false
10-05 16:21:59.015 E/VivoConfigStore(10114): key:vivo.software.multiwindowresidentbar isCached is false and normal value is false
10-05 16:21:59.016 E/VivoConfigStore(10114): key:vivo.software.hovermode isCached is false and normal value is false
10-05 16:21:59.044 D/CompatibilityChangeReporter(10114): Compat change id reported: 171979766; UID 10389; state: ENABLED
10-05 16:21:59.065 D/nativeloader(10114): Configuring clns-4 for other apk /system/framework/org.apache.http.legacy.jar. target_sdk_version=35, uses_libraries=ALL, library_path=/data/app/~~r_cfIlVcd3V9lIMzJbTtfA==/org.telegram.messenger-qMPrEmMPV6YO3et9p9AtIQ==/lib/arm64:/data/app/~~r_cfIlVcd3V9lIMzJbTtfA==/org.telegram.messenger-qMPrEmMPV6YO3et9p9AtIQ==/base.apk!/lib/arm64-v8a:/data/app/~~r_cfIlVcd3V9lIMzJbTtfA==/org.telegram.messenger-qMPrEmMPV6YO3et9p9AtIQ==/split_config.arm64_v8a.apk!/lib/arm64-v8a:/data/app/~~r_cfIlVcd3V9lIMzJbTtfA==/org.telegram.messenger-qMPrEmMPV6YO3et9p9AtIQ==/split_config.en.apk!/lib/arm64-v8a:/data/app/~~r_cfIlVcd3V9lIMzJbTtfA==/org.telegram.messenger-qMPrEmMPV6YO3et9p9AtIQ==/split_config.ja.apk!/lib/arm64-v8a:/data/app/~~r_cfIlVcd3V9lIMzJbTtfA==/org.telegram.messenger-qMPrEmMPV6YO3et9p9AtIQ==/split_config.xhdpi.apk!/lib/arm64-v8a:/data/app/~~r_cfIlVcd3V9lIMzJbTtfA==/org.telegram.messenger-qMPrEmMPV6YO3et9p9AtIQ==/split_config.zh.apk!/lib/arm64-v8a, permitted_path=/data:/mnt/expand:/data/user/0/org.telegram.messenger
10-05 16:21:59.065 D/nativeloader(10114): Extending system_exposed_libraries: libteeservice_client.trustonic.so:libapuwareapusys.mtk.so:libapuwareapusys_v2.mtk.so:libapuwarexrp.mtk.so:libapuwarexrp_v2.mtk.so:libapuwareutils.mtk.so:libapuwareutils_v2.mtk.so:libapuwarehmp.mtk.so:libmcv_runtime_usdk.mtk.so:libneuron_graph_delegate.mtk.so:libneuronusdk_adapter.mtk.so:libtflite_mtk.mtk.so:libarmnn_ndk.mtk.so:libcmdl_ndk.mtk.so:libnir_neon_driver_ndk.mtk.so:libmvpu_runtime.mtk.so:libmvpu_runtime_pub.mtk.so:libmvpu_engine_pub.mtk.so:libmvpu_pattern_pub.mtk.so:libmvpuop_mtk_cv.mtk.so:libmvpuop_mtk_nn.mtk.so
10-05 16:21:59.141 W/egram.messenger(10114): Failed to find entry 'classes.dex': Entry not found
10-05 16:21:59.144 W/egram.messenger(10114): Failed to find entry 'classes.dex': Entry not found
10-05 16:21:59.148 W/egram.messenger(10114): Failed to find entry 'classes.dex': Entry not found
10-05 16:21:59.153 W/egram.messenger(10114): Failed to find entry 'classes.dex': Entry not found
10-05 16:21:59.156 W/egram.messenger(10114): Failed to find entry 'classes.dex': Entry not found
10-05 16:21:59.157 D/nativeloader(10114): Configuring clns-5 for other apk /data/app/~~r_cfIlVcd3V9lIMzJbTtfA==/org.telegram.messenger-qMPrEmMPV6YO3et9p9AtIQ==/base.apk:/data/app/~~r_cfIlVcd3V9lIMzJbTtfA==/org.telegram.messenger-qMPrEmMPV6YO3et9p9AtIQ==/split_config.arm64_v8a.apk:/data/app/~~r_cfIlVcd3V9lIMzJbTtfA==/org.telegram.messenger-qMPrEmMPV6YO3et9p9AtIQ==/split_config.en.apk:/data/app/~~r_cfIlVcd3V9lIMzJbTtfA==/org.telegram.messenger-qMPrEmMPV6YO3et9p9AtIQ==/split_config.ja.apk:/data/app/~~r_cfIlVcd3V9lIMzJbTtfA==/org.telegram.messenger-qMPrEmMPV6YO3et9p9AtIQ==/split_config.xhdpi.apk:/data/app/~~r_cfIlVcd3V9lIMzJbTtfA==/org.telegram.messenger-qMPrEmMPV6YO3et9p9AtIQ==/split_config.zh.apk. target_sdk_version=35, uses_libraries=, library_path=/data/app/~~r_cfIlVcd3V9lIMzJbTtfA==/org.telegram.messenger-qMPrEmMPV6YO3et9p9AtIQ==/lib/arm64:/data/app/~~r_cfIlVcd3V9lIMzJbTtfA==/org.telegram.messenger-qMPrEmMPV6YO3et9p9AtIQ==/base.apk!/lib/arm64-v8a:/data/app/~~r_cfIlVcd3V9lIMzJbTtfA==/org.telegram.messenger-qMPrEmMPV6YO3et9p9AtIQ==/split_config.arm64
10-05 16:21:59.192 D/nativeloader(10114): Load libframework-connectivity-jni.so using APEX ns com_android_tethering for caller /apex/com.android.tethering/javalib/framework-connectivity.jar: ok
10-05 16:21:59.198 V/GraphicsEnvironment(10114): ANGLE Developer option for 'org.telegram.messenger' set to: 'default'
10-05 16:21:59.198 V/GraphicsEnvironment(10114): ANGLE GameManagerService for org.telegram.messenger: false
10-05 16:21:59.199 V/GraphicsEnvironment(10114): Neither updatable production driver nor prerelease driver is supported.
10-05 16:21:59.206 D/NetworkSecurityConfig(10114): No Network Security Config specified, using platform default
10-05 16:21:59.207 D/NetworkSecurityConfig(10114): No Network Security Config specified, using platform default
10-05 16:21:59.234 I/MultiDex(10114): VM with version 2.1.0 has multidex support
10-05 16:21:59.234 I/MultiDex(10114): Installing application
10-05 16:21:59.234 I/MultiDex(10114): VM has multidex support, MultiDex support library is disabled.
10-05 16:21:59.289 D/CompatibilityChangeReporter(10114): Compat change id reported: 183155436; UID 10389; state: ENABLED
10-05 16:21:59.290 I/FirebaseApp(10114): Device unlocked: initializing all Firebase APIs for app [DEFAULT]
10-05 16:21:59.311 I/FirebaseInitProvider(10114): FirebaseApp initialization successful
10-05 16:21:59.515 D/nativeloader(10114): Load /data/app/~~r_cfIlVcd3V9lIMzJbTtfA==/org.telegram.messenger-qMPrEmMPV6YO3et9p9AtIQ==/split_config.arm64_v8a.apk!/lib/arm64-v8a/libtmessages.49.so using class loader ns clns-5 (caller=/data/app/~~r_cfIlVcd3V9lIMzJbTtfA==/org.telegram.messenger-qMPrEmMPV6YO3et9p9AtIQ==/base.apk!classes4.dex): ok
10-05 16:21:59.586 W/AppOpsControllerImpl( 8049): Noted op: 24 with result default for package org.telegram.messenger
10-05 16:21:59.768 V/ActivityThread(10114): Recovering failed rename /storage/emulated/0/Android/data/org.telegram.messenger/cache/000000000_999999_temp.f to /storage/emulated/0/Android/media/org.telegram.messenger/Telegram/Telegram Images/000000000_999999.f
10-05 16:21:59.814 W/MediaProvider( 5565): isAppCloneUserPair failed. Users: 0 and 0
10-05 16:21:59.814 W/MediaProvider( 5565): isAppCloneUserPair for user 0: false
10-05 16:21:59.847 I/NearbyDiscovery(14182): (REDACTED) loadFastPairModule: checkFeaturesAreAvailable:%d
10-05 16:21:59.847 I/NearbyDiscovery(14182): loadFastPairModule: FastPair module is downloaded. [CONTEXT service_id=265 ]
10-05 16:21:59.927 D/CompatibilityChangeReporter(10114): Compat change id reported: 147600208; UID 10389; state: ENABLED
10-05 16:21:59.933 W/ThreadPoolForeg(14257): type=1400 audit(0.0:697381): avc: denied { write } for name="traced_producer" dev="tmpfs" ino=1995 scontext=u:r:gmscore_app:s0:c512,c768 tcontext=u:object_r:traced_producer_socket:s0 tclass=sock_file permissive=0 app=com.tencent.mm
10-05 16:21:59.981 E/VivoConfigStore(10114): key:vivo.software.nightmode isCached is false and normal value is true
10-05 16:21:59.989 D/AudioALSAStreamManager(29923): getInputBufferSize(), sampleRate = 48000, format = 0x1, channelCount = 1, bufferSize = 1920
10-05 16:22:00.002 D/KeyguardUpdateMonitor( 8049): mBroadcastAllReceiver onReceive: android.intent.action.TIME_TICK
10-05 16:22:00.002 D/KeyguardUpdateMonitor( 8049): handleTimeUpdate
10-05 16:22:00.035 I/NetworkScheduler.Stats(14182): (REDACTED) Task %s/%s started execution. cause:%s exec_start_elapsed_seconds: %s
10-05 16:22:00.043 I/NetworkScheduler.Stats(14182): (REDACTED) Task %s/%s finished executing. cause:%s result: %s elapsed_millis: %s uptime_millis: %s exec_start_elapsed_seconds: %s
10-05 16:22:00.062 D/CompatibilityChangeReporter(10198): Compat change id reported: 171979766; UID 10168; state: ENABLED
10-05 16:22:00.090 D/nativeloader(10198): Configuring clns-4 for other apk /system/framework/org.apache.http.legacy.jar. target_sdk_version=35, uses_libraries=ALL, library_path=/data/app/~~-vK-8CHgh8X9fjRHVAq_Fw==/com.android.vending-3wgcyaTKHg6rn0BSuqQDRQ==/lib/arm64:/data/app/~~-vK-8CHgh8X9fjRHVAq_Fw==/com.android.vending-3wgcyaTKHg6rn0BSuqQDRQ==/base.apk!/lib/arm64-v8a:/data/app/~~-vK-8CHgh8X9fjRHVAq_Fw==/com.android.vending-3wgcyaTKHg6rn0BSuqQDRQ==/split_config.arm64_v8a.apk!/lib/arm64-v8a:/data/app/~~-vK-8CHgh8X9fjRHVAq_Fw==/com.android.vending-3wgcyaTKHg6rn0BSuqQDRQ==/split_config.en.apk!/lib/arm64-v8a:/data/app/~~-vK-8CHgh8X9fjRHVAq_Fw==/com.android.vending-3wgcyaTKHg6rn0BSuqQDRQ==/split_config.ja.apk!/lib/arm64-v8a:/data/app/~~-vK-8CHgh8X9fjRHVAq_Fw==/com.android.vending-3wgcyaTKHg6rn0BSuqQDRQ==/split_config.zh.apk!/lib/arm64-v8a:/data/app/~~-vK-8CHgh8X9fjRHVAq_Fw==/com.android.vending-3wgcyaTKHg6rn0BSuqQDRQ==/split_phonesky_data_loader.apk!/lib/arm64-v8a:/data/app/~~-vK-8CHgh8X9fjRHVAq_Fw==/com.android.vending-3wgcyaTKHg6rn0BSuqQDRQ==/split
10-05 16:22:00.090 D/nativeloader(10198): Extending system_exposed_libraries: libteeservice_client.trustonic.so:libapuwareapusys.mtk.so:libapuwareapusys_v2.mtk.so:libapuwarexrp.mtk.so:libapuwarexrp_v2.mtk.so:libapuwareutils.mtk.so:libapuwareutils_v2.mtk.so:libapuwarehmp.mtk.so:libmcv_runtime_usdk.mtk.so:libneuron_graph_delegate.mtk.so:libneuronusdk_adapter.mtk.so:libtflite_mtk.mtk.so:libarmnn_ndk.mtk.so:libcmdl_ndk.mtk.so:libnir_neon_driver_ndk.mtk.so:libmvpu_runtime.mtk.so:libmvpu_runtime_pub.mtk.so:libmvpu_engine_pub.mtk.so:libmvpu_pattern_pub.mtk.so:libmvpuop_mtk_cv.mtk.so:libmvpuop_mtk_nn.mtk.so
10-05 16:22:00.124 D/BoundBrokerSvc( 8380): onBind: Intent { act=com.google.android.contextmanager.service.ContextManagerLogsUploadBoundService.ACTION_TASK_READY dat=chimera-action:/... cmp=com.google.android.gms/.chimera.PersistentInternalBoundBrokerService }
10-05 16:22:00.124 D/BoundBrokerSvc( 8380): Loading bound service for intent: Intent { act=com.google.android.contextmanager.service.ContextManagerLogsUploadBoundService.ACTION_TASK_READY dat=chimera-action:/... cmp=com.google.android.gms/.chimera.PersistentInternalBoundBrokerService }
10-05 16:22:00.157 I/NetworkScheduler.Stats(14182): (REDACTED) Task %s/%s started execution. cause:%s exec_start_elapsed_seconds: %s
10-05 16:22:00.193 I/NetworkScheduler.Stats(14182): (REDACTED) Task %s/%s started execution. cause:%s exec_start_elapsed_seconds: %s
10-05 16:22:00.202 W/android.vending(10198): Failed to find entry 'classes.dex': Entry not found
10-05 16:22:00.205 W/android.vending(10198): Failed to find entry 'classes.dex': Entry not found
10-05 16:22:00.207 W/android.vending(10198): Failed to find entry 'classes.dex': Entry not found
10-05 16:22:00.210 W/android.vending(10198): Failed to find entry 'classes.dex': Entry not found
10-05 16:22:00.212 W/android.vending(10198): Failed to find entry 'classes.dex': Entry not found
10-05 16:22:00.214 W/android.vending(10198): Failed to find entry 'classes.dex': Entry not found
10-05 16:22:00.215 D/nativeloader(10198): Configuring clns-5 for other apk /data/app/~~-vK-8CHgh8X9fjRHVAq_Fw==/com.android.vending-3wgcyaTKHg6rn0BSuqQDRQ==/base.apk:/data/app/~~-vK-8CHgh8X9fjRHVAq_Fw==/com.android.vending-3wgcyaTKHg6rn0BSuqQDRQ==/split_config.arm64_v8a.apk:/data/app/~~-vK-8CHgh8X9fjRHVAq_Fw==/com.android.vending-3wgcyaTKHg6rn0BSuqQDRQ==/split_config.en.apk:/data/app/~~-vK-8CHgh8X9fjRHVAq_Fw==/com.android.vending-3wgcyaTKHg6rn0BSuqQDRQ==/split_config.ja.apk:/data/app/~~-vK-8CHgh8X9fjRHVAq_Fw==/com.android.vending-3wgcyaTKHg6rn0BSuqQDRQ==/split_config.zh.apk:/data/app/~~-vK-8CHgh8X9fjRHVAq_Fw==/com.android.vending-3wgcyaTKHg6rn0BSuqQDRQ==/split_phonesky_data_loader.apk:/data/app/~~-vK-8CHgh8X9fjRHVAq_Fw==/com.android.vending-3wgcyaTKHg6rn0BSuqQDRQ==/split_phonesky_data_loader.config.arm64_v8a.apk. target_sdk_version=35, uses_libraries=, library_path=/data/app/~~-vK-8CHgh8X9fjRHVAq_Fw==/com.android.vending-3wgcyaTKHg6rn0BSuqQDRQ==/lib/arm64:/data/app/~~-vK-8CHgh8X9fjRHVAq_Fw==/com.android.vending-3wgcyaTKHg6rn0BSuqQDRQ==/base.apk!/lib
10-05 16:22:00.258 D/nativeloader(10198): Load libframework-connectivity-jni.so using APEX ns com_android_tethering for caller /apex/com.android.tethering/javalib/framework-connectivity.jar: ok
10-05 16:22:00.265 V/GraphicsEnvironment(10198): ANGLE Developer option for 'com.android.vending' set to: 'default'
10-05 16:22:00.265 D/CompatibilityChangeReporter(10114): Compat change id reported: 194532703; UID 10389; state: ENABLED
10-05 16:22:00.266 V/GraphicsEnvironment(10198): ANGLE GameManagerService for com.android.vending: false
10-05 16:22:00.266 V/GraphicsEnvironment(10198): Neither updatable production driver nor prerelease driver is supported.
10-05 16:22:00.271 D/NetworkSecurityConfig(10198): No Network Security Config specified, using platform default
10-05 16:22:00.271 D/NetworkSecurityConfig(10198): No Network Security Config specified, using platform default
10-05 16:22:00.275 I/MediaProvider( 5565): Deleted 1 0 0 0 0 0 0 items on external_primary due to org.telegram.messenger
10-05 16:22:00.284 V/ActivityThread(10114): Recovering failed rename /storage/emulated/0/Android/data/org.telegram.messenger/cache/000000000_999999_temp.f to /storage/emulated/0/Android/media/org.telegram.messenger/Telegram/Telegram Video/000000000_999999.f
10-05 16:22:00.296 D/BoundBrokerSvc( 8380): onBind: Intent { act=com.google.android.gms.clearcut.service.START dat=chimera-action:/... cmp=com.google.android.gms/.chimera.PersistentDirectBootAwareApiService }
10-05 16:22:00.296 D/BoundBrokerSvc( 8380): Loading bound service for intent: Intent { act=com.google.android.gms.clearcut.service.START dat=chimera-action:/... cmp=com.google.android.gms/.chimera.PersistentDirectBootAwareApiService }
10-05 16:22:00.300 W/MediaProvider( 5565): isAppCloneUserPair failed. Users: 0 and 0
10-05 16:22:00.300 W/MediaProvider( 5565): isAppCloneUserPair for user 0: false
10-05 16:22:00.320 D/CompatibilityChangeReporter(10114): Compat change id reported: 160794467; UID 10389; state: ENABLED
10-05 16:22:00.328 I/UriTaskContentObserver(14182): (REDACTED) Throttling content uri change event for %s
10-05 16:22:00.349 D/BoundBrokerSvc( 8380): onBind: Intent { act=com.google.android.gms.scheduler.ACTION_PROXY_SCHEDULE dat=chimera-action:/... cmp=com.google.android.gms/.chimera.PersistentDirectBootAwareApiService }
10-05 16:22:00.349 D/BoundBrokerSvc( 8380): Loading bound service for intent: Intent { act=com.google.android.gms.scheduler.ACTION_PROXY_SCHEDULE dat=chimera-action:/... cmp=com.google.android.gms/.chimera.PersistentDirectBootAwareApiService }
10-05 16:22:00.366 I/UriTaskContentObserver(14182): (REDACTED) Throttling content uri change event for %s
10-05 16:22:00.368 D/BoundBrokerSvc( 8380): onBind: Intent { act=com.google.android.gms.usagereporting.service.START dat=chimera-action:/... cmp=com.google.android.gms/.chimera.PersistentDirectBootAwareApiService }
10-05 16:22:00.368 D/BoundBrokerSvc( 8380): Loading bound service for intent: Intent { act=com.google.android.gms.usagereporting.service.START dat=chimera-action:/... cmp=com.google.android.gms/.chimera.PersistentDirectBootAwareApiService }
10-05 16:22:00.372 I/MediaProvider( 5565): Deleted 1 0 0 0 0 0 0 items on external_primary due to org.telegram.messenger
10-05 16:22:00.386 D/BoundBrokerSvc( 8380): onUnbind: Intent { act=com.google.android.contextmanager.service.ContextManagerLogsUploadBoundService.ACTION_TASK_READY dat=chimera-action:/... cmp=com.google.android.gms/.chimera.PersistentInternalBoundBrokerService }
10-05 16:22:00.388 I/NetworkScheduler.Stats(14182): (REDACTED) Task %s/%s finished executing. cause:%s result: %s elapsed_millis: %s uptime_millis: %s exec_start_elapsed_seconds: %s
10-05 16:22:00.421 I/NetworkScheduler.Stats(14182): (REDACTED) Task %s/%s finished executing. cause:%s result: %s elapsed_millis: %s uptime_millis: %s exec_start_elapsed_seconds: %s
10-05 16:22:00.481 I/NetworkScheduler.Stats(14182): (REDACTED) Task %s/%s started execution. cause:%s exec_start_elapsed_seconds: %s
10-05 16:22:00.499 I/Finsky  (10198): [2] Process created at version: 48.1.28-31 [0] [PR] 811267161
10-05 16:22:00.570 I/AlarmManager( 8380): set [name: SystemMemoryCache type: 2 triggerAtMillis: 317228481246 windowMillis: -1 intervalMillis: 0]
10-05 16:22:00.583 W/ctxmgr  ( 8380): [ContextManagerPersistentService]Unable to start system_memory_cache. [CONTEXT service_id=47 ]
10-05 16:22:00.597 I/AlarmManager( 8380): set [name: SystemMemoryCache type: 2 triggerAtMillis: 317228481273 windowMillis: -1 intervalMillis: 0]
10-05 16:22:00.604 W/ctxmgr  ( 8380): [ContextManagerPersistentService]Unable to start system_memory_cache. [CONTEXT service_id=47 ]
10-05 16:22:00.628 W/ctxmgr  ( 8380): [FencePendingIntentCache]Sending CONTEXT_MANAGER_RESTARTED broadcast to com.google.android.apps.wellbeing [CONTEXT service_id=47 ]
10-05 16:22:00.642 W/ctxmgr  ( 8380): [FencePendingIntentCache]Sending CONTEXT_MANAGER_RESTARTED broadcast to com.google.android.apps.wellbeing [CONTEXT service_id=47 ]
10-05 16:22:00.644 I/ocess.gservices(10257): Using CollectorTypeCC GC.
10-05 16:22:00.648 E/ocess.gservices(10257): Not starting debugger since process cannot load the jdwp agent.
10-05 16:22:00.651 D/nativeloader(10257): Load libframework-connectivity-tiramisu-jni.so using APEX ns com_android_tethering for caller /apex/com.android.tethering/javalib/framework-connectivity-t.jar: ok
10-05 16:22:00.661 E/VivoConfigStore(10257): key:vivo.software.multilandscape isCached is false and normal value is false
10-05 16:22:00.662 E/VivoConfigStore(10257): key:vivo.software.splitrecents isCached is false and normal value is false
10-05 16:22:00.662 I/Finsky  (10198): [28757] Finished reading experiment flags from file [0tGUNCGIkbk4o6-fQ335kUYSKwVj4lusnHT-A5Dsy08] numFlags=2165.
10-05 16:22:00.663 E/VivoConfigStore(10257): key:vivo.software.splitratio isCached is false and normal value is false
10-05 16:22:00.664 E/VivoConfigStore(10257): key:vivo.software.multiwindowresidentbar isCached is false and normal value is false
10-05 16:22:00.665 E/VivoConfigStore(10257): key:vivo.software.hovermode isCached is false and normal value is false
10-05 16:22:00.676 I/Finsky  (10198): [28757] Finished reading experiment flags from file [Se-xCc4LzNyh3UrKMIU2sUf-PUKz4oQEbpKZDMuaFno] numFlags=2190.
10-05 16:22:00.681 D/CompatibilityChangeReporter(10257): Compat change id reported: 171979766; UID 99910167; state: ENABLED
10-05 16:22:00.695 I/Finsky  (10198): [28760] Account caches disabled: currentAccount=false, visibleAccount=false
10-05 16:22:00.741 D/nativeloader(10257): Configuring clns-shared-4 for other apk /system/framework/org.apache.http.legacy.jar. target_sdk_version=33, uses_libraries=ALL, library_path=/system/system_ext/priv-app/GoogleServicesFramework/lib/arm64:/system/system_ext/priv-app/GoogleServicesFramework/GoogleServicesFramework.apk!/lib/arm64-v8a:/system/lib64:/system/system_ext/lib64, permitted_path=/data:/mnt/expand:/data/user/999/com.google.android.gsf:/system/system_ext/priv-app/GoogleServicesFramework:/system/lib64:/system/system_ext/lib64
10-05 16:22:00.741 D/nativeloader(10257): Extending system_exposed_libraries: libteeservice_client.trustonic.so:libapuwareapusys.mtk.so:libapuwareapusys_v2.mtk.so:libapuwarexrp.mtk.so:libapuwarexrp_v2.mtk.so:libapuwareutils.mtk.so:libapuwareutils_v2.mtk.so:libapuwarehmp.mtk.so:libmcv_runtime_usdk.mtk.so:libneuron_graph_delegate.mtk.so:libneuronusdk_adapter.mtk.so:libtflite_mtk.mtk.so:libarmnn_ndk.mtk.so:libcmdl_ndk.mtk.so:libnir_neon_driver_ndk.mtk.so:libmvpu_runtime.mtk.so:libmvpu_runtime_pub.mtk.so:libmvpu_engine_pub.mtk.so:libmvpu_pattern_pub.mtk.so:libmvpuop_mtk_cv.mtk.so:libmvpuop_mtk_nn.mtk.so
10-05 16:22:00.755 D/nativeloader(10257): Configuring clns-shared-5 for other apk /system/system_ext/priv-app/GoogleServicesFramework/GoogleServicesFramework.apk. target_sdk_version=33, uses_libraries=, library_path=/system/system_ext/priv-app/GoogleServicesFramework/lib/arm64:/system/system_ext/priv-app/GoogleServicesFramework/GoogleServicesFramework.apk!/lib/arm64-v8a:/system/lib64:/system/system_ext/lib64, permitted_path=/data:/mnt/expand:/data/user/999/com.google.android.gsf:/system/system_ext/priv-app/GoogleServicesFramework:/system/lib64:/system/system_ext/lib64
10-05 16:22:00.759 D/nativeloader(10198): Load /data/app/~~-vK-8CHgh8X9fjRHVAq_Fw==/com.android.vending-3wgcyaTKHg6rn0BSuqQDRQ==/split_config.arm64_v8a.apk!/lib/arm64-v8a/libmappedcountercacheversionjni.so using class loader ns clns-5 (caller=/data/app/~~-vK-8CHgh8X9fjRHVAq_Fw==/com.android.vending-3wgcyaTKHg6rn0BSuqQDRQ==/base.apk): ok
10-05 16:22:00.778 D/nativeloader(10257): Load libframework-connectivity-jni.so using APEX ns com_android_tethering for caller /apex/com.android.tethering/javalib/framework-connectivity.jar: ok
10-05 16:22:00.784 V/GraphicsEnvironment(10257): ANGLE Developer option for 'com.google.android.gsf' set to: 'default'
10-05 16:22:00.784 V/GraphicsEnvironment(10257): ANGLE GameManagerService for com.google.android.gsf: false
10-05 16:22:00.784 V/GraphicsEnvironment(10257): Neither updatable production driver nor prerelease driver is supported.
10-05 16:22:00.789 D/NetworkSecurityConfig(10257): No Network Security Config specified, using platform default
10-05 16:22:00.789 D/NetworkSecurityConfig(10257): No Network Security Config specified, using platform default
10-05 16:22:00.800 I/GservicesProvider(10257): Gservices pushing to system: true; secure/global: true
10-05 16:22:00.807 I/Finsky  (10198): [28760] Finished reading experiment flags from file [QyFnaOTp_J9ccdoAqtoKMtyUqi6DMA8DBE0twrrH9Gk] numFlags=2198.
10-05 16:22:00.809 E/GmsClient(10257): unable to connect to service: com.google.android.gms.gservices.START on com.google.android.gms
10-05 16:22:00.814 I/Finsky  (10198): [28760] Finished reading experiment flags from file [OtNQwXiM5FfQnSAWEPd72xC76wMfIfR1BKotaLrFTLM] numFlags=2198.
10-05 16:22:00.822 I/Finsky  (10198): [28760] Finished reading experiment flags from file [irWPr-FCEsOb9j__ejXPP2FRVw_RqKFA__VEnR3mddo] numFlags=2198.
10-05 16:22:00.826 I/Finsky  (10198): [28756] Process started for new foreground session.
10-05 16:22:00.835 I/Finsky  (10198): [28757] afgl - Registering in memory receiver for android.intent.action.PACKAGE_ADDED and android.intent.action.PACKAGE_REMOVED
10-05 16:22:00.843 I/Finsky  (10198): [2] Profiling: Starting up (2)
10-05 16:22:00.892 I/Finsky  (10198): [2] AsyncInit: Mandatory tasks are executed!
10-05 16:22:00.902 I/Finsky  (10198): [28759] Subscription detail: N/A
10-05 16:22:00.904 E/ion     (10114): ioctl c0044901 failed with code -1: Invalid argument
10-05 16:22:00.912 I/Finsky  (10198): [28758] playLoggingServerUrl: https://play.googleapis.com/play/log
10-05 16:22:00.912 I/Finsky  (10198): [28758] playLoggingServerTimestampUrl: https://play.googleapis.com/play/log/timestamp
10-05 16:22:00.929 D/CompatibilityChangeReporter(10198): Compat change id reported: 183155436; UID 10168; state: ENABLED
10-05 16:22:00.930 D/HttpFlagsLoader(10198): Not loading HTTP flags because they are disabled in the manifest
10-05 16:22:00.940 E/OpenGLRenderer(10114): Device claims wide gamut support, cannot find matching config, error = EGL_SUCCESS
10-05 16:22:00.940 W/OpenGLRenderer(10114): Failed to initialize 101010-2 format, error = EGL_SUCCESS
10-05 16:22:00.951 I/Finsky  (10198): [28776] VerifyApps: Setup app restrictions monitor
10-05 16:22:00.954 D/hw-ProcessState(10114): Binder ioctl to enable oneway spam detection failed: Invalid argument
10-05 16:22:00.957 I/DynamiteModule( 8380): Considering local module com.google.android.gms.cronet_dynamite:0 and remote module com.google.android.gms.cronet_dynamite:3811
10-05 16:22:00.958 I/DynamiteModule( 8380): Selected remote version of com.google.android.gms.cronet_dynamite, version >= 3811
10-05 16:22:00.967 W/System  ( 8380): ClassLoader referenced unknown path: 
10-05 16:22:00.968 D/nativeloader( 8380): Load /data/app/~~I70HdsrxryT7srNFEOMGBw==/com.google.android.gms-eMw5OPSSXUa19x67ty5bwg==/base.apk!/lib/arm64-v8a/libleveldbjni.so using class loader ns clns-7 (caller=/data/app/~~I70HdsrxryT7srNFEOMGBw==/com.google.android.gms-eMw5OPSSXUa19x67ty5bwg==/base.apk): ok
10-05 16:22:00.978 W/Settings(10198): Setting download_manager_max_bytes_over_mobile has moved from android.provider.Settings.Secure to android.provider.Settings.Global.
10-05 16:22:00.979 I/Finsky  (10198): [2] SettingNotFoundException, fall through to G.downloadBytesOverMobileMaximum
10-05 16:22:00.981 W/Settings(10198): Setting download_manager_recommended_max_bytes_over_mobile has moved from android.provider.Settings.Secure to android.provider.Settings.Global.
10-05 16:22:00.981 D/nativeloader( 8380): Configuring clns-8 for other apk . target_sdk_version=36, uses_libraries=, library_path=/data/app/~~I70HdsrxryT7srNFEOMGBw==/com.google.android.gms-eMw5OPSSXUa19x67ty5bwg==/lib/arm64:/data/app/~~I70HdsrxryT7srNFEOMGBw==/com.google.android.gms-eMw5OPSSXUa19x67ty5bwg==/base.apk!/lib/arm64-v8a, permitted_path=/data:/mnt/expand:/data/user/999/com.google.android.gms
10-05 16:22:00.983 I/Finsky  (10198): [2] SettingNotFoundException, fall through to G.downloadBytesOverMobileRecommended
10-05 16:22:00.990 I/Finsky  (10198): [2] This process start was not selected for Play memory metrics collection.
10-05 16:22:00.995 I/Finsky  (10198): [28776] VerifyApps: Device wide unknown source restriction updated
10-05 16:22:00.996 I/SystemMemoryMap( 8380): [geofence] starting initialization [CONTEXT service_id=6 ]
10-05 16:22:01.002 I/SystemMemoryMap( 8380): (REDACTED) [geofence] recovering %d entries
10-05 16:22:01.002 I/SystemMemoryMap( 8380): [geofence] initialization complete [CONTEXT service_id=6 ]
10-05 16:22:01.009 D/nativeloader(10198): Load /data/app/~~-vK-8CHgh8X9fjRHVAq_Fw==/com.android.vending-3wgcyaTKHg6rn0BSuqQDRQ==/split_config.arm64_v8a.apk!/lib/arm64-v8a/libcronet.141.0.7340.3.so using class loader ns clns-5 (caller=/data/app/~~-vK-8CHgh8X9fjRHVAq_Fw==/com.android.vending-3wgcyaTKHg6rn0BSuqQDRQ==/base.apk): ok
10-05 16:22:01.013 I/Finsky  (10198): [28758] registerListener
10-05 16:22:01.019 I/Finsky  (10198): [28759] Enqueuing libraries load for 2083940164
10-05 16:22:01.020 I/Finsky  (10198): [28777] Starting libraries load for 2083940164
10-05 16:22:01.023 I/Finsky  (10198): [2] onSubscriptionsChanged
10-05 16:22:01.036 I/Finsky  (10198): [28758] DFS: Listener added for rir@900ffa
10-05 16:22:01.036 I/Finsky  (10198): [28758] registerListener
10-05 16:22:01.042 D/WearableService( 8380): Creating wearable service asynchronously.
10-05 16:22:01.051 I/Finsky  (10198): [28760] ApplicationRestrictions: {}
10-05 16:22:01.060 I/cn_CronetLibraryLoader(10198): Cronet version: 141.0.7340.3, arch: aarch64
10-05 16:22:01.062 I/Finsky  (10198): [28758] RECEIVER_SINGLE_USER_SETTINGS#logWorkEndAndFinishGoAsync: SUCCESS
10-05 16:22:01.064 E/OpenGLRenderer(10114): Device claims wide gamut support, cannot find matching config, error = EGL_SUCCESS
10-05 16:22:01.064 W/OpenGLRenderer(10114): Failed to initialize 101010-2 format, error = EGL_SUCCESS
10-05 16:22:01.066 D/skia    (10114): GrGLMakeAssembledInterface verStr OpenGL ES 3.2 v1.r26p0-01eac0.455662e55e7c7fb95a4b1db7e7af49a8
10-05 16:22:01.085 D/skia    (10114): GrGLMakeAssembledGLESInterface verStr OpenGL ES 3.2 v1.r26p0-01eac0.455662e55e7c7fb95a4b1db7e7af49a8
10-05 16:22:01.086 D/skia    (10114): extensions init verString=OpenGL ES 3.2 v1.r26p0-01eac0.455662e55e7c7fb95a4b1db7e7af49a8
10-05 16:22:01.091 I/Wear_Controller( 8380): Wearable module requires a companion app to be installed.
10-05 16:22:01.098 I/WearableService( 8380): onCreate: Wearable Services not starting. Wear is not available on this device.
10-05 16:22:01.118 D/BoundBrokerSvc(14257): onBind: Intent { act=com.google.android.gms.safetynet.service.START pkg=com.google.android.gms }
10-05 16:22:01.119 D/BoundBrokerSvc(14257): Loading bound service for intent: Intent { act=com.google.android.gms.safetynet.service.START pkg=com.google.android.gms }
10-05 16:22:01.143 I/GED     (10114): ged_boost_gpu_freq, level 100, eOrigin 2, final_idx 29, oppidx_max 29, oppidx_min 0
10-05 16:22:01.152 I/SystemMemoryMap( 8380): [flp] starting initialization [CONTEXT service_id=6 ]
10-05 16:22:01.162 I/SystemMemoryMap( 8380): (REDACTED) [flp] recovering %d entries
10-05 16:22:01.163 I/SystemMemoryMap( 8380): [flp] initialization complete [CONTEXT service_id=6 ]
10-05 16:22:01.187 I/.gms.persistent( 8380): Could not load runtime generated app image: Invalid image header in '/data/user/999/com.google.android.gms/cache/oat_primary/arm64/split_CronetDynamite_installtime.art'
10-05 16:22:01.192 I/SystemMemoryMap( 8380): [activityrecognition] starting initialization [CONTEXT service_id=6 ]
10-05 16:22:01.193 I/SystemMemoryMap( 8380): (REDACTED) [activityrecognition] recovering %d entries
10-05 16:22:01.194 I/SystemMemoryMap( 8380): [activityrecognition] initialization complete [CONTEXT service_id=6 ]
10-05 16:22:01.194 I/SystemMemoryMap( 8380): [activitytransition] starting initialization [CONTEXT service_id=6 ]
10-05 16:22:01.195 I/SystemMemoryMap( 8380): (REDACTED) [activitytransition] recovering %d entries
10-05 16:22:01.195 I/SystemMemoryMap( 8380): [activitytransition] initialization complete [CONTEXT service_id=6 ]
10-05 16:22:01.195 I/SystemMemoryMap( 8380): [sleepsegment] starting initialization [CONTEXT service_id=6 ]
10-05 16:22:01.196 I/SystemMemoryMap( 8380): (REDACTED) [sleepsegment] recovering %d entries
10-05 16:22:01.197 I/SystemMemoryMap( 8380): [sleepsegment] initialization complete [CONTEXT service_id=6 ]
10-05 16:22:01.200 D/BoundBrokerSvc( 8380): onBind: Intent { act=com.google.android.gms.time.trustedtime.service.START dat=chimera-action:/... cmp=com.google.android.gms/.chimera.PersistentApiService }
10-05 16:22:01.200 D/BoundBrokerSvc( 8380): Loading bound service for intent: Intent { act=com.google.android.gms.time.trustedtime.service.START dat=chimera-action:/... cmp=com.google.android.gms/.chimera.PersistentApiService }
10-05 16:22:01.218 W/WearableService( 8380): onGetService: Wear is not available on this device.
10-05 16:22:01.222 W/SystemServiceRegistry( 8380): No service published for: contexthub
10-05 16:22:01.223 I/BluePixel( 8380): (REDACTED) Created Null for %s
10-05 16:22:01.248 D/CompatibilityChangeReporter( 8380): Compat change id reported: 148180766; UID 99910167; state: ENABLED
10-05 16:22:01.250 I/Finsky  (10198): [28777] Loaded library for account: [8_duO6UHUtxq01dqfYPNIUFcL48Z5fboKqH3sjtpEiY]
10-05 16:22:01.251 I/Finsky  (10198): [28777] Loaded library for account: [BMIG6nq00xJFc8q-3EgGiQzUDGDvtFWC4IFeDid3eok]
10-05 16:22:01.251 I/Finsky  (10198): [28777] Loaded library for account: [R1YfIqNAzxVtf1izmoE9y5vQpszZzkOHa6vZJTmRyaA]
10-05 16:22:01.251 I/Finsky  (10198): [28777] Finished loading 3 libraries.
10-05 16:22:01.267 D/BoundBrokerSvc(14182): onBind: Intent { act=com.google.android.gms.time.trustedtime.singleuserapi.service.START dat=chimera-action:/... cmp=com.google.android.gms/.chimera.PersistentSingleUserInternalApiService }
10-05 16:22:01.267 D/BoundBrokerSvc(14182): Loading bound service for intent: Intent { act=com.google.android.gms.time.trustedtime.singleuserapi.service.START dat=chimera-action:/... cmp=com.google.android.gms/.chimera.PersistentSingleUserInternalApiService }
10-05 16:22:01.300 W/GetConfigSnapshotOp(14182): Succeeded but not registered: com.google.android.libraries.onegoogle#com.android.vending [CONTEXT service_id=51 ]
10-05 16:22:01.306 I/BluePixel( 8380): (REDACTED) Created Null for %s
10-05 16:22:01.337 I/GED     (10114): ged_boost_gpu_freq, level 100, eOrigin 2, final_idx 29, oppidx_max 29, oppidx_min 0
10-05 16:22:01.342 I/GED     (10114): ged_boost_gpu_freq, level 100, eOrigin 2, final_idx 29, oppidx_max 29, oppidx_min 0
10-05 16:22:01.347 W/WearableService( 8380): onGetService: Wear is not available on this device.
10-05 16:22:01.347 I/GED     (10114): ged_boost_gpu_freq, level 100, eOrigin 2, final_idx 29, oppidx_max 29, oppidx_min 0
10-05 16:22:01.356 I/WearableLocationShim( 8380): paired wearable location unsupported - wearable APIs unavailable [CONTEXT service_id=6 ]
10-05 16:22:01.367 D/BoundBrokerSvc( 8380): onBind: Intent { act=com.google.android.gms.common.telemetry.service.START dat=chimera-action:/... cmp=com.google.android.gms/.chimera.PersistentApiService }
10-05 16:22:01.367 D/BoundBrokerSvc( 8380): Loading bound service for intent: Intent { act=com.google.android.gms.common.telemetry.service.START dat=chimera-action:/... cmp=com.google.android.gms/.chimera.PersistentApiService }
10-05 16:22:01.417 D/CompatibilityChangeReporter( 8380): Compat change id reported: 150935354; UID 99910167; state: ENABLED
10-05 16:22:01.431 W/Settings( 8380): Setting airplane_mode_on has moved from android.provider.Settings.System to android.provider.Settings.Global, returning read-only value.
10-05 16:22:01.435 W/SystemServiceRegistry( 8380): No service published for: wifirtt
10-05 16:22:01.457 I/Finsky  (10198): [28782] SysUA: Set SystemUpdateActivity enabled state to 1
10-05 16:22:01.457 I/Finsky  (10198): [28777] Set UnhibernateActivity enabled state to 1
10-05 16:22:01.461 I/cn_CronetUrlRequestContext(10198): destroyNativeStreamLocked org.chromium.net.impl.CronetBidirectionalStream@66286aa
10-05 16:22:01.464 I/Finsky  (10198): [28777] SysCUA: Set {com.android.vending/com.google.android.finsky.systemcomponentupdateui.common.SystemComponentUpdateActivity} enabled state to 0
10-05 16:22:01.470 I/Finsky  (10198): [28759] cubesStatesValueStore = [2, 2, 2, 2, 2, 2, 2]
10-05 16:22:01.559 I/FrewleLevelDb( 8380): (REDACTED) Initialized LevelDB, usingInMemoryImpl=%s
10-05 16:22:01.571 W/Settings( 8380): Setting airplane_mode_on has moved from android.provider.Settings.System to android.provider.Settings.Global, returning read-only value.
10-05 16:22:01.575 W/SystemServiceRegistry( 8380): No service published for: wifirtt
10-05 16:22:01.645 I/AlarmManager( 8380): set [name: SystemMemoryCache type: 2 triggerAtMillis: 317228482321 windowMillis: -1 intervalMillis: 0]
10-05 16:22:01.688 I/GED     (10114): ged_boost_gpu_freq, level 100, eOrigin 2, final_idx 29, oppidx_max 29, oppidx_min 0
10-05 16:22:01.693 I/GED     (10114): ged_boost_gpu_freq, level 100, eOrigin 2, final_idx 29, oppidx_max 29, oppidx_min 0
10-05 16:22:01.697 I/GED     (10114): ged_boost_gpu_freq, level 100, eOrigin 2, final_idx 29, oppidx_max 29, oppidx_min 0
10-05 16:22:01.698 D/BoundBrokerSvc( 8380): onBind: Intent { act=com.google.android.gms.libs.gmscorelogger.service.START dat=chimera-action:/... cmp=com.google.android.gms/.chimera.PersistentDirectBootAwareApiService }
10-05 16:22:01.698 D/BoundBrokerSvc( 8380): Loading bound service for intent: Intent { act=com.google.android.gms.libs.gmscorelogger.service.START dat=chimera-action:/... cmp=com.google.android.gms/.chimera.PersistentDirectBootAwareApiService }
10-05 16:22:01.701 I/GED     (10114): ged_boost_gpu_freq, level 100, eOrigin 2, final_idx 29, oppidx_max 29, oppidx_min 0
10-05 16:22:01.733 D/CompatibilityChangeReporter(10420): Compat change id reported: 171979766; UID 99910167; state: ENABLED
10-05 16:22:01.747 D/BoundBrokerSvc( 8380): onRebind: Intent { act=com.google.android.gms.auth.aang.events.services.START dat=chimera-action:/... cmp=com.google.android.gms/.chimera.PersistentApiService }
10-05 16:22:01.757 D/nativeloader(10420): Configuring clns-4 for other apk /system/framework/org.apache.http.legacy.jar. target_sdk_version=36, uses_libraries=ALL, library_path=/data/app/~~I70HdsrxryT7srNFEOMGBw==/com.google.android.gms-eMw5OPSSXUa19x67ty5bwg==/lib/arm64:/data/app/~~I70HdsrxryT7srNFEOMGBw==/com.google.android.gms-eMw5OPSSXUa19x67ty5bwg==/base.apk!/lib/arm64-v8a, permitted_path=/data:/mnt/expand:/data/user/999/com.google.android.gms
10-05 16:22:01.757 D/nativeloader(10420): Extending system_exposed_libraries: libteeservice_client.trustonic.so:libapuwareapusys.mtk.so:libapuwareapusys_v2.mtk.so:libapuwarexrp.mtk.so:libapuwarexrp_v2.mtk.so:libapuwareutils.mtk.so:libapuwareutils_v2.mtk.so:libapuwarehmp.mtk.so:libmcv_runtime_usdk.mtk.so:libneuron_graph_delegate.mtk.so:libneuronusdk_adapter.mtk.so:libtflite_mtk.mtk.so:libarmnn_ndk.mtk.so:libcmdl_ndk.mtk.so:libnir_neon_driver_ndk.mtk.so:libmvpu_runtime.mtk.so:libmvpu_runtime_pub.mtk.so:libmvpu_engine_pub.mtk.so:libmvpu_pattern_pub.mtk.so:libmvpuop_mtk_cv.mtk.so:libmvpuop_mtk_nn.mtk.so
10-05 16:22:01.767 D/nativeloader(10420): Configuring clns-5 for other apk /system/framework/com.android.media.remotedisplay.jar. target_sdk_version=36, uses_libraries=ALL, library_path=/data/app/~~I70HdsrxryT7srNFEOMGBw==/com.google.android.gms-eMw5OPSSXUa19x67ty5bwg==/lib/arm64:/data/app/~~I70HdsrxryT7srNFEOMGBw==/com.google.android.gms-eMw5OPSSXUa19x67ty5bwg==/base.apk!/lib/arm64-v8a, permitted_path=/data:/mnt/expand:/data/user/999/com.google.android.gms
10-05 16:22:01.767 D/nativeloader(10420): Extending system_exposed_libraries: libteeservice_client.trustonic.so:libapuwareapusys.mtk.so:libapuwareapusys_v2.mtk.so:libapuwarexrp.mtk.so:libapuwarexrp_v2.mtk.so:libapuwareutils.mtk.so:libapuwareutils_v2.mtk.so:libapuwarehmp.mtk.so:libmcv_runtime_usdk.mtk.so:libneuron_graph_delegate.mtk.so:libneuronusdk_adapter.mtk.so:libtflite_mtk.mtk.so:libarmnn_ndk.mtk.so:libcmdl_ndk.mtk.so:libnir_neon_driver_ndk.mtk.so:libmvpu_runtime.mtk.so:libmvpu_runtime_pub.mtk.so:libmvpu_engine_pub.mtk.so:libmvpu_pattern_pub.mtk.so:libmvpuop_mtk_cv.mtk.so:libmvpuop_mtk_nn.mtk.so
10-05 16:22:01.775 D/nativeloader(10420): Configuring clns-6 for other apk /system/framework/com.android.location.provider.jar. target_sdk_version=36, uses_libraries=ALL, library_path=/data/app/~~I70HdsrxryT7srNFEOMGBw==/com.google.android.gms-eMw5OPSSXUa19x67ty5bwg==/lib/arm64:/data/app/~~I70HdsrxryT7srNFEOMGBw==/com.google.android.gms-eMw5OPSSXUa19x67ty5bwg==/base.apk!/lib/arm64-v8a, permitted_path=/data:/mnt/expand:/data/user/999/com.google.android.gms
10-05 16:22:01.775 D/nativeloader(10420): Extending system_exposed_libraries: libteeservice_client.trustonic.so:libapuwareapusys.mtk.so:libapuwareapusys_v2.mtk.so:libapuwarexrp.mtk.so:libapuwarexrp_v2.mtk.so:libapuwareutils.mtk.so:libapuwareutils_v2.mtk.so:libapuwarehmp.mtk.so:libmcv_runtime_usdk.mtk.so:libneuron_graph_delegate.mtk.so:libneuronusdk_adapter.mtk.so:libtflite_mtk.mtk.so:libarmnn_ndk.mtk.so:libcmdl_ndk.mtk.so:libnir_neon_driver_ndk.mtk.so:libmvpu_runtime.mtk.so:libmvpu_runtime_pub.mtk.so:libmvpu_engine_pub.mtk.so:libmvpu_pattern_pub.mtk.so:libmvpuop_mtk_cv.mtk.so:libmvpuop_mtk_nn.mtk.so
10-05 16:22:01.786 D/nativeloader(10420): Configuring clns-7 for other apk /data/app/~~I70HdsrxryT7srNFEOMGBw==/com.google.android.gms-eMw5OPSSXUa19x67ty5bwg==/base.apk. target_sdk_version=36, uses_libraries=, library_path=/data/app/~~I70HdsrxryT7srNFEOMGBw==/com.google.android.gms-eMw5OPSSXUa19x67ty5bwg==/lib/arm64:/data/app/~~I70HdsrxryT7srNFEOMGBw==/com.google.android.gms-eMw5OPSSXUa19x67ty5bwg==/base.apk!/lib/arm64-v8a, permitted_path=/data:/mnt/expand:/data/user/999/com.google.android.gms
10-05 16:22:01.802 I/GCoreUlr( 8380): DispatchingService ignoring Intent { act=android.net.wifi.WIFI_STATE_CHANGED flg=0x44000010 (has extras) } because ULR inactive
10-05 16:22:01.825 I/GCoreUlr( 8380): Unbound from all signal providers.
10-05 16:22:01.838 D/nativeloader(10420): Load libframework-connectivity-jni.so using APEX ns com_android_tethering for caller /apex/com.android.tethering/javalib/framework-connectivity.jar: ok
10-05 16:22:01.846 V/GraphicsEnvironment(10420): ANGLE Developer option for 'com.google.android.gms' set to: 'default'
10-05 16:22:01.848 V/GraphicsEnvironment(10420): ANGLE GameManagerService for com.google.android.gms: false
10-05 16:22:01.849 V/GraphicsEnvironment(10420): Neither updatable production driver nor prerelease driver is supported.
10-05 16:22:01.856 D/NetworkSecurityConfig(10420): Using Network Security Config from resource network_security_config debugBuild: false
10-05 16:22:01.857 I/GCoreUlr( 8380): Unbound from all signal providers.
10-05 16:22:01.857 I/GCoreUlr( 8380): Stopping handler for UlrDispSvcFast
10-05 16:22:01.857 D/NetworkSecurityConfig(10420): Using Network Security Config from resource network_security_config debugBuild: false
10-05 16:22:01.923 D/nativeloader( 8380): Load /data/app/~~I70HdsrxryT7srNFEOMGBw==/com.google.android.gms-eMw5OPSSXUa19x67ty5bwg==/base.apk!/lib/arm64-v8a/libgeller_jni_lite_lib.so using class loader ns clns-7 (caller=/data/app/~~I70HdsrxryT7srNFEOMGBw==/com.google.android.gms-eMw5OPSSXUa19x67ty5bwg==/base.apk!classes2.dex): ok
10-05 16:22:01.930 W/System  ( 9993): A resource failed to call close. 
10-05 16:22:01.972 D/nativeloader( 8380): Load /data/app/~~I70HdsrxryT7srNFEOMGBw==/com.google.android.gms-eMw5OPSSXUa19x67ty5bwg==/base.apk!/lib/arm64-v8a/libsemanticlocation_inference_jni.so using class loader ns clns-7 (caller=/data/app/~~I70HdsrxryT7srNFEOMGBw==/com.google.android.gms-eMw5OPSSXUa19x67ty5bwg==/base.apk): ok
10-05 16:22:01.996 I/Finsky  (10198): [28761] Initializing pausers from value store.
10-05 16:22:01.997 I/Finsky  (10198): [28752] org.telegram.messenger: Account determined from installer data - [8_duO6UHUtxq01dqfYPNIUFcL48Z5fboKqH3sjtpEiY]
10-05 16:22:01.997 I/Finsky  (10198): [28761] IQ::HLD: Callers (Pausers) in PauseUpdatesCallersValueStore: []
10-05 16:22:02.002 I/Finsky  (10198): [28752] Billing preferred account via installer for org.telegram.messenger: [8_duO6UHUtxq01dqfYPNIUFcL48Z5fboKqH3sjtpEiY]
10-05 16:22:02.014 I/Finsky  (10198): [28752] org.telegram.messenger: Account determined from installer data - [8_duO6UHUtxq01dqfYPNIUFcL48Z5fboKqH3sjtpEiY]
10-05 16:22:02.016 I/Finsky  (10198): [28752] Billing preferred account via installer for org.telegram.messenger: [8_duO6UHUtxq01dqfYPNIUFcL48Z5fboKqH3sjtpEiY]
10-05 16:22:02.038 I/Finsky  (10198): [28752] org.telegram.messenger: Account determined from installer data - [8_duO6UHUtxq01dqfYPNIUFcL48Z5fboKqH3sjtpEiY]
10-05 16:22:02.039 I/Finsky  (10198): [28752] Billing preferred account via installer for org.telegram.messenger: [8_duO6UHUtxq01dqfYPNIUFcL48Z5fboKqH3sjtpEiY]
10-05 16:22:02.040 I/GED     (10114): ged_boost_gpu_freq, level 100, eOrigin 2, final_idx 29, oppidx_max 29, oppidx_min 0
10-05 16:22:02.041 I/Finsky  (10198): [28752] User is not an active Play Pass subscriber
10-05 16:22:02.042 I/Finsky  (10198): [28788] org.telegram.messenger: Account determined from installer data - [8_duO6UHUtxq01dqfYPNIUFcL48Z5fboKqH3sjtpEiY]
10-05 16:22:02.043 I/Finsky  (10198): [28788] Billing preferred account via installer for org.telegram.messenger: [8_duO6UHUtxq01dqfYPNIUFcL48Z5fboKqH3sjtpEiY]
10-05 16:22:02.044 I/GED     (10114): ged_boost_gpu_freq, level 100, eOrigin 2, final_idx 29, oppidx_max 29, oppidx_min 0
10-05 16:22:02.047 I/Finsky  (10198): [28751] org.telegram.messenger: Account determined from installer data - [8_duO6UHUtxq01dqfYPNIUFcL48Z5fboKqH3sjtpEiY]
10-05 16:22:02.048 I/Finsky  (10198): [28751] Billing preferred account via installer for org.telegram.messenger: [8_duO6UHUtxq01dqfYPNIUFcL48Z5fboKqH3sjtpEiY]
10-05 16:22:02.050 I/GED     (10114): ged_boost_gpu_freq, level 100, eOrigin 2, final_idx 29, oppidx_max 29, oppidx_min 0
10-05 16:22:02.055 I/GED     (10114): ged_boost_gpu_freq, level 100, eOrigin 2, final_idx 29, oppidx_max 29, oppidx_min 0
10-05 16:22:02.125 W/ProviderHelper(10420): Unknown dynamite feature providerinstaller.dynamite
10-05 16:22:02.125 I/DynamiteModule(10420): Considering local module com.google.android.gms.providerinstaller.dynamite:1 and remote module com.google.android.gms.providerinstaller.dynamite:0
10-05 16:22:02.125 I/DynamiteModule(10420): Selected local version of com.google.android.gms.providerinstaller.dynamite
10-05 16:22:02.193 D/nativeloader(10420): Load /data/app/~~I70HdsrxryT7srNFEOMGBw==/com.google.android.gms-eMw5OPSSXUa19x67ty5bwg==/base.apk!/lib/arm64-v8a/libconscrypt_gmscore_jni.so using class loader ns clns-7 (caller=/data/app/~~I70HdsrxryT7srNFEOMGBw==/com.google.android.gms-eMw5OPSSXUa19x67ty5bwg==/base.apk): ok
