10-05 16:22:02.196 V/NativeCrypto(10420): Registering com/google/android/gms/org/conscrypt/NativeCrypto's 319 native methods...
10-05 16:22:02.234 I/ProviderInstaller(10420): Installed default security provider GmsCore_OpenSSL
10-05 16:22:02.247 D/CompatibilityChangeReporter(10420): Compat change id reported: 183155436; UID 99910167; state: ENABLED
10-05 16:22:02.262 I/Watchcat(10420): Started
10-05 16:22:02.268 I/GMS_MM_Logger(10420): (REDACTED) Start time: %s
10-05 16:22:02.268 D/BoundBrokerSvc(10420): onBind: Intent { act=com.google.android.mdd.service.START dat=chimera-action:/... cmp=com.google.android.gms/.chimera.GmsBoundBrokerService }
10-05 16:22:02.268 D/BoundBrokerSvc(10420): Loading bound service for intent: Intent { act=com.google.android.mdd.service.START dat=chimera-action:/... cmp=com.google.android.gms/.chimera.GmsBoundBrokerService }
10-05 16:22:02.269 I/GMS_MM_Logger(10420): Started.
10-05 16:22:02.356 D/CompatibilityChangeReporter(10420): Compat change id reported: 160794467; UID 99910167; state: ENABLED
10-05 16:22:02.379 D/nativeloader( 8380): Configuring clns-9 for other apk . target_sdk_version=36, uses_libraries=ALL, library_path=/data/app/~~I70HdsrxryT7srNFEOMGBw==/com.google.android.gms-eMw5OPSSXUa19x67ty5bwg==/split_CronetDynamite_installtime.apk!/lib/arm64-v8a, permitted_path=/data:/mnt/expand
10-05 16:22:02.380 D/nativeloader( 8380): Extending system_exposed_libraries: libteeservice_client.trustonic.so:libapuwareapusys.mtk.so:libapuwareapusys_v2.mtk.so:libapuwarexrp.mtk.so:libapuwarexrp_v2.mtk.so:libapuwareutils.mtk.so:libapuwareutils_v2.mtk.so:libapuwarehmp.mtk.so:libmcv_runtime_usdk.mtk.so:libneuron_graph_delegate.mtk.so:libneuronusdk_adapter.mtk.so:libtflite_mtk.mtk.so:libarmnn_ndk.mtk.so:libcmdl_ndk.mtk.so:libnir_neon_driver_ndk.mtk.so:libmvpu_runtime.mtk.so:libmvpu_runtime_pub.mtk.so:libmvpu_engine_pub.mtk.so:libmvpu_pattern_pub.mtk.so:libmvpuop_mtk_cv.mtk.so:libmvpuop_mtk_nn.mtk.so
10-05 16:22:02.391 D/nativeloader( 8380): Load /data/app/~~I70HdsrxryT7srNFEOMGBw==/com.google.android.gms-eMw5OPSSXUa19x67ty5bwg==/split_CronetDynamite_installtime.apk!/lib/arm64-v8a/libcronet.141.0.7340.3.so using isolated ns clns-9 (caller=/data/app/~~I70HdsrxryT7srNFEOMGBw==/com.google.android.gms-eMw5OPSSXUa19x67ty5bwg==/split_CronetDynamite_installtime.apk): ok
10-05 16:22:02.410 I/cn_CronetLibraryLoader( 8380): Cronet version: 141.0.7340.3, arch: aarch64
10-05 16:22:02.417 I/ChimeraConfigurator(10420): Starting update, reason: 4 urgentFeatures: tflite_dynamite:-1
10-05 16:22:02.433 W/ThreadPoolForeg( 8380): type=1400 audit(0.0:697382): avc: denied { write } for name="traced_producer" dev="tmpfs" ino=1995 scontext=u:r:gmscore_app:s0:c743,c771 tcontext=u:object_r:traced_producer_socket:s0 tclass=sock_file permissive=0
10-05 16:22:02.459 W/FeatureMgr(10420): Attempted to request and unrequest the same feature: appsearch_impl. Ignoring unrequest.
10-05 16:22:02.467 W/TracingHelper(10420): No RequestContext found in the trace or trace not available. [CONTEXT service_id=259 ratelimit_count=100000 ]
10-05 16:22:02.473 I/SemanticLocation( 8380): [MDD] Loading embedded CSL model. [CONTEXT service_id=173 ]
10-05 16:22:02.476 D/nativeloader( 8380): Load /data/app/~~I70HdsrxryT7srNFEOMGBw==/com.google.android.gms-eMw5OPSSXUa19x67ty5bwg==/base.apk!/lib/arm64-v8a/libbrotli_native.so using class loader ns clns-7 (caller=/data/app/~~I70HdsrxryT7srNFEOMGBw==/com.google.android.gms-eMw5OPSSXUa19x67ty5bwg==/base.apk): ok
10-05 16:22:02.538 D/nativeloader(10420): Load /data/app/~~I70HdsrxryT7srNFEOMGBw==/com.google.android.gms-eMw5OPSSXUa19x67ty5bwg==/base.apk!/lib/arm64-v8a/libgmscore.so using class loader ns clns-7 (caller=/data/app/~~I70HdsrxryT7srNFEOMGBw==/com.google.android.gms-eMw5OPSSXUa19x67ty5bwg==/base.apk): ok
10-05 16:22:02.568 I/ChimeraConfigurator(10420): Detected pending changes for urgent request: [tflite_dynamite]. Pending module sets: container:2538309190400+tflite_dynamite
10-05 16:22:02.595 I/DynamiteModule(10420): Considering local module com.google.android.gms.cronet_dynamite:0 and remote module com.google.android.gms.cronet_dynamite:3811
10-05 16:22:02.595 I/DynamiteModule(10420): Selected remote version of com.google.android.gms.cronet_dynamite, version >= 3811
10-05 16:22:02.595 W/System  (10420): ClassLoader referenced unknown path: 
10-05 16:22:02.596 D/nativeloader(10420): Configuring clns-8 for other apk . target_sdk_version=36, uses_libraries=, library_path=/data/app/~~I70HdsrxryT7srNFEOMGBw==/com.google.android.gms-eMw5OPSSXUa19x67ty5bwg==/lib/arm64:/data/app/~~I70HdsrxryT7srNFEOMGBw==/com.google.android.gms-eMw5OPSSXUa19x67ty5bwg==/base.apk!/lib/arm64-v8a, permitted_path=/data:/mnt/expand:/data/user/999/com.google.android.gms
10-05 16:22:02.599 I/Finsky  (10198): [28822] SM: There are no stale sessions to be pruned
10-05 16:22:02.603 I/gle.android.gms(10420): Could not load runtime generated app image: Invalid image header in '/data/user/999/com.google.android.gms/cache/oat_primary/arm64/split_CronetDynamite_installtime.art'
10-05 16:22:02.605 I/Finsky  (10198): [2] Connecting InstallListener to SplitInstallService broadcaster...
10-05 16:22:02.619 D/KeyguardUpdateMonitor( 8049): received broadcast android.intent.action.BATTERY_CHANGED
10-05 16:22:02.688 W/ServiceBindIntentUtils(10198): Dynamic lookup for intent failed for action: com.google.android.gms.payse.service.BIND
10-05 16:22:02.702 E/ZappPhoneskyConn(10420): Unable to bind to Phonesky
10-05 16:22:02.703 I/GmsDebugLogger(10420): [76] 
10-05 16:22:02.716 D/BoundBrokerSvc(14257): onBind: Intent { act=com.google.android.gms.payse.service.BIND pkg=com.google.android.gms }
10-05 16:22:02.716 D/BoundBrokerSvc(14257): Loading bound service for intent: Intent { act=com.google.android.gms.payse.service.BIND pkg=com.google.android.gms }
10-05 16:22:02.716 I/BndSvcConfigHelper(14257): No bound-service is registered for action: com.google.android.gms.payse.service.BIND
10-05 16:22:02.716 I/BoundBrokerSvc(14257): Bound service not available for: Intent { act=com.google.android.gms.payse.service.BIND pkg=com.google.android.gms }
10-05 16:22:02.716 I/GmsApiChimeraSvc(14257): Using MissingApiServiceBroker for com.google.android.gms.payse.service.BIND due to missing BoundService implementation
10-05 16:22:02.725 E/ZappPhoneskyConn(10420): Unable to bind to Phonesky
10-05 16:22:02.726 E/DynamicModuleDownloader(10420): Zapp module request failed: null
10-05 16:22:02.728 W/ZappDownloader(10420): No successful Zapp module downloads for requested modules [TfliteDynamiteDynamite.integ:243930802100400:permitMetered:224210505100400:/data/user_de/999/com.google.android.gms/app_chimera/m/0000014a/dl-TfliteDynamiteDynamite.integ_224210505100400.apk].
10-05 16:22:02.728 I/GmsDebugLogger(10420): [30] [TfliteDynamiteDynamite.integ:243930802100400]
10-05 16:22:02.738 W/ChimeraConfigService(10420): Retry attempt was throttled. [CONTEXT service_id=264 ]
10-05 16:22:02.738 I/GmsDebugLogger(10420): [83] 1 [tflite_dynamite]
10-05 16:22:02.773 D/BoundBrokerSvc(14257): onRebind: Intent { act=com.google.android.gms.chimera.container.moduleinstall.ModuleInstallService.START dat=chimera-action:/... cmp=com.google.android.gms/.chimera.GmsApiService }
10-05 16:22:02.784 D/BoundBrokerSvc(14257): onBind: Intent { act=com.google.android.gms.ocr.service.internal.START dat=chimera-action:/... cmp=com.google.android.gms/.chimera.GmsInternalApiService }
10-05 16:22:02.784 D/BoundBrokerSvc(14257): Loading bound service for intent: Intent { act=com.google.android.gms.ocr.service.internal.START dat=chimera-action:/... cmp=com.google.android.gms/.chimera.GmsInternalApiService }
10-05 16:22:02.796 E/RequestContextBuilder(10198): Could not get APN after (but including) LollipopMr1: 
10-05 16:22:02.796 E/RequestContextBuilder(10198): java.lang.SecurityException: No permission to access APN settings
10-05 16:22:02.796 E/RequestContextBuilder(10198): 	at android.os.Parcel.createExceptionOrNull(Parcel.java:3025)
10-05 16:22:02.796 E/RequestContextBuilder(10198): 	at android.os.Parcel.createException(Parcel.java:3009)
10-05 16:22:02.796 E/RequestContextBuilder(10198): 	at android.os.Parcel.readException(Parcel.java:2992)
10-05 16:22:02.796 E/RequestContextBuilder(10198): 	at android.database.DatabaseUtils.readExceptionFromParcel(DatabaseUtils.java:190)
10-05 16:22:02.796 E/RequestContextBuilder(10198): 	at android.database.DatabaseUtils.readExceptionFromParcel(DatabaseUtils.java:142)
10-05 16:22:02.796 E/RequestContextBuilder(10198): 	at android.content.ContentProviderProxy.query(ContentProviderNative.java:481)
10-05 16:22:02.796 E/RequestContextBuilder(10198): 	at android.content.ContentResolver.query(ContentResolver.java:1255)
10-05 16:22:02.796 E/RequestContextBuilder(10198): 	at android.content.ContentResolver.query(ContentResolver.java:1182)
10-05 16:22:02.796 E/RequestContextBuilder(10198): 	at android.content.ContentResolver.query(ContentResolver.java:1138)
10-05 16:22:02.796 E/RequestContextBuilder(10198): 	at bdyf.b(PG:113)
10-05 16:22:02.796 E/RequestContextBuilder(10198): 	at bdyf.a(PG:146)
10-05 16:22:02.796 E/RequestContextBuilder(10198): 	at bdua.a(PG:556)
10-05 16:22:02.796 E/RequestContextBuilder(10198): 	at bdtz.s(PG:52)
10-05 16:22:02.796 E/RequestContextBuilder(10198): 	at bdtz.n(PG:329)
10-05 16:22:02.796 E/RequestContextBuilder(10198): 	at pps.call(PG:433)
10-05 16:22:02.796 E/RequestContextBuilder(10198): 	at bged.a(PG:3)
10-05 16:22:02.796 E/RequestContextBuilder(10198): 	at bgdi.run(PG:19)
10-05 16:22:02.796 E/RequestContextBuilder(10198): 	at bgee.run(PG:5)
10-05 16:22:02.796 E/RequestContextBuilder(10198): 	at java.util.concurrent.ThreadPoolExecutor.runWorker(ThreadPoolExecutor.java:1156)
10-05 16:22:02.796 E/RequestContextBuilder(10198): 	at java.util.concurrent.ThreadPoolExecutor$Worker.run(ThreadPoolExecutor.java:651)
10-05 16:22:02.796 E/RequestContextBuilder(10198): 	at rid.run(PG:430)
10-05 16:22:02.796 E/RequestContextBuilder(10198): 	at java.lang.Thread.run(Thread.java:1119)
10-05 16:22:02.811 I/NetworkScheduler.Stats(14182): (REDACTED) Task %s/%s finished executing. cause:%s result: %s elapsed_millis: %s uptime_millis: %s exec_start_elapsed_seconds: %s
10-05 16:22:02.837 D/PaySecureElementClient(10198): Felica app not found; returning isSecureElementAvailable = false!
10-05 16:22:02.950 I/Finsky  (10198): [28818] Skipping a request to /bulkAcquire since cache has all the records.
10-05 16:22:03.445 W/ThreadPoolForeg( 8380): type=1400 audit(0.0:697383): avc: denied { write } for name="traced_producer" dev="tmpfs" ino=1995 scontext=u:r:gmscore_app:s0:c743,c771 tcontext=u:object_r:traced_producer_socket:s0 tclass=sock_file permissive=0
10-05 16:22:05.453 W/ThreadPoolForeg( 8380): type=1400 audit(0.0:697384): avc: denied { write } for name="traced_producer" dev="tmpfs" ino=1995 scontext=u:r:gmscore_app:s0:c743,c771 tcontext=u:object_r:traced_producer_socket:s0 tclass=sock_file permissive=0
10-05 16:22:06.756 I/AiAi    ( 5555): onTrimMemory() with level 5
10-05 16:22:06.759 I/Finsky  (10198): [2] Memory trim requested to level 5
10-05 16:22:06.790 I/AppBase (23295): AppBase.onTrimMemory():411 onTrimMemory(): 5
10-05 16:22:06.792 I/KeyboardDefCache(23295): MemoryFileCache$1.onTrimMemory():124 clearMemory() for trim memory: 5
10-05 16:22:06.792 I/KeyboardDefCache(23295): MemoryFileCache.clearMemory():408 evictAll()
10-05 16:22:06.793 I/GoogleInputMethodService(23295): GoogleInputMethodService.onTrimMemory():2785 onTrimMemory(): 5
10-05 16:22:06.911 I/tencent.mm:push( 9575): Explicit concurrent copying GC freed 1091KB AllocSpace bytes, 16(320KB) LOS objects, 24% free, 8483KB/11MB, paused 194us,92us total 134.115ms
10-05 16:22:06.914 W/System  ( 9575): A resource failed to call close. 
10-05 16:22:07.030 I/tencent.mm:push( 9575): Explicit concurrent copying GC freed 131KB AllocSpace bytes, 1(20KB) LOS objects, 24% free, 8587KB/11MB, paused 341us,100us total 117.889ms
10-05 16:22:07.672 D/BoundBrokerSvc( 8380): onUnbind: Intent { act=com.google.android.gms.common.telemetry.service.START dat=chimera-action:/... cmp=com.google.android.gms/.chimera.PersistentApiService }
10-05 16:22:08.465 W/ThreadPoolForeg( 8380): type=1400 audit(0.0:697385): avc: denied { write } for name="traced_producer" dev="tmpfs" ino=1995 scontext=u:r:gmscore_app:s0:c743,c771 tcontext=u:object_r:traced_producer_socket:s0 tclass=sock_file permissive=0
